src/screens/AssistanceRequestsScreen.tsx(24,15): error TS2339: Property 'resolved' does not exist on type '{ id: string; }'.
src/screens/AssistanceRequestsScreen.tsx(24,30): error TS2339: Property 'resolved' does not exist on type '{ id: string; }'.
src/screens/AssistanceRequestsScreen.tsx(25,29): error TS2339: Property 'timestamp' does not exist on type '{ id: string; }'.
src/screens/AssistanceRequestsScreen.tsx(25,63): error TS2339: Property 'timestamp' does not exist on type '{ id: string; }'.
src/screens/AssistanceRequestsScreen.tsx(27,18): error TS2339: Property 'resolved' does not exist on type '{ id: string; }'.
